66982213c437 [1m[31mINFO   [0m [33m[1m_send in websocket (39) [0m [1m[36mSend event "base-report" to "user_id_1603"[0m
66982213c437 [1m[31mDEBUG  [0m [33m[1m_send in websocket (40) [0m [1m[36m{
  "path": "/athenas/MPMTReports/download_file/?uuid=b930a087-450d-45bb-aa62-3479f534d45d",
  "filename": "relat\u00f3rio de anota\u00e7\u00f5es pessoais"
}[0m
f9fa060aa453 [1m[31mINFO   [0m [33m[1m_send in websocket (39) [0m [1m[36mSend event "base-report" to "user_id_1603"[0m
f9fa060aa453 [1m[31mDEBUG  [0m [33m[1m_send in websocket (40) [0m [1m[36m{
  "path": "/athenas/MPMTReports/download_file/?uuid=fae1fa63-b9b0-4422-9173-3a8a6b658022",
  "filename": "relat\u00f3rio de anota\u00e7\u00f5es pessoais"
}[0m
f9fa060aa453 [1m[31mINFO   [0m [33m[1m_send in websocket (39) [0m [1m[36mSend event "base-report" to "user_id_1603"[0m
f9fa060aa453 [1m[31mDEBUG  [0m [33m[1m_send in websocket (40) [0m [1m[36m{
  "path": "/athenas/MPMTReports/download_file/?uuid=ed271bd7-eb75-435f-9cce-4098b90eeb62",
  "filename": "relatorio de teletrabalho"
}[0m
f9fa060aa453 [1m[31mINFO   [0m [33m[1m_send in websocket (39) [0m [1m[36mSend event "point-sheet" to "user_id_1603"[0m
f9fa060aa453 [1m[31mDEBUG  [0m [33m[1m_send in websocket (40) [0m [1m[36m{
  "path": "/athenas/PointSheetReport/viewer/?uuid=b1488871-8e37-4a11-a70c-4e231b04d980",
  "filename": "Relat\u00f3rio Folha Ponto"
}[0m
f9fa060aa453 [1m[31mINFO   [0m [33m[1m_send in websocket (39) [0m [1m[36mSend event "base-report" to "user_id_1603"[0m
f9fa060aa453 [1m[31mDEBUG  [0m [33m[1m_send in websocket (40) [0m [1m[36m{
  "path": "/athenas/MPMTReports/download_file/?uuid=4c86c637-6301-40b2-b0e5-ea95a9cb2073",
  "filename": "relat\u00f3rio de anota\u00e7\u00f5es pessoais"
}[0m
f9fa060aa453 [1m[31mINFO   [0m [33m[1m_send in websocket (39) [0m [1m[36mSend event "base-report" to "user_id_1603"[0m
f9fa060aa453 [1m[31mDEBUG  [0m [33m[1m_send in websocket (40) [0m [1m[36m{
  "path": "/athenas/MPMTReports/download_file/?uuid=1f2bf684-3e7e-4110-8373-5b126cd69cdf",
  "filename": "relat\u00f3rio de anota\u00e7\u00f5es pessoais"
}[0m
f9fa060aa453 [1m[31mINFO   [0m [33m[1m_send in websocket (39) [0m [1m[36mSend event "point-sheet" to "user_id_1603"[0m
f9fa060aa453 [1m[31mDEBUG  [0m [33m[1m_send in websocket (40) [0m [1m[36m{
  "path": "/athenas/PointSheetReport/viewer/?uuid=5d9c3c63-2dfd-4eb3-9e39-b028bdb8d572",
  "filename": "Relat\u00f3rio Folha Ponto"
}[0m
f9fa060aa453 [1m[31mINFO   [0m [33m[1m_send in websocket (39) [0m [1m[36mSend event "base-report" to "user_id_1603"[0m
f9fa060aa453 [1m[31mDEBUG  [0m [33m[1m_send in websocket (40) [0m [1m[36m{
  "path": "/athenas/MPMTReports/download_file/?uuid=5aec15ae-228e-4ede-aacf-9b96ab76698e",
  "filename": "relat\u00f3rio de anota\u00e7\u00f5es pessoais"
}[0m
f9fa060aa453 [1m[31mINFO   [0m [33m[1m_send in websocket (39) [0m [1m[36mSend event "base-report" to "user_id_1603"[0m
f9fa060aa453 [1m[31mDEBUG  [0m [33m[1m_send in websocket (40) [0m [1m[36m{
  "path": "/athenas/MPMTReports/download_file/?uuid=1367c26a-abd3-4ac3-8934-4d103ba14aab",
  "filename": "relat\u00f3rio de anota\u00e7\u00f5es pessoais"
}[0m
f9fa060aa453 [1m[31mINFO   [0m [33m[1m_send in websocket (39) [0m [1m[36mSend event "base-report" to "user_id_1603"[0m
f9fa060aa453 [1m[31mDEBUG  [0m [33m[1m_send in websocket (40) [0m [1m[36m{
  "path": "/athenas/MPMTReports/download_file/?uuid=c589cd7c-a87e-4572-a55a-4eb5326f57f8",
  "filename": "relat\u00f3rio de anota\u00e7\u00f5es pessoais"
}[0m
f9fa060aa453 [1m[31mINFO   [0m [33m[1m_send in websocket (39) [0m [1m[36mSend event "base-report" to "user_id_1603"[0m
f9fa060aa453 [1m[31mDEBUG  [0m [33m[1m_send in websocket (40) [0m [1m[36m{
  "path": "/athenas/MPMTReports/download_file/?uuid=e0f03074-b12f-431c-9112-1ab6ea0d0dc3",
  "filename": "relat\u00f3rio de anota\u00e7\u00f5es pessoais"
}[0m
f9fa060aa453 [1m[31mINFO   [0m [33m[1m_send in websocket (39) [0m [1m[36mSend event "base-report" to "user_id_1603"[0m
f9fa060aa453 [1m[31mDEBUG  [0m [33m[1m_send in websocket (40) [0m [1m[36m{
  "path": "/athenas/MPMTReports/download_file/?uuid=c90a48b3-c6ea-421c-aeef-72fcc3755fff",
  "filename": "relat\u00f3rio de anota\u00e7\u00f5es pessoais"
}[0m
f9fa060aa453 [1m[31mINFO   [0m [33m[1m_send in websocket (39) [0m [1m[36mSend event "base-report" to "user_id_1603"[0m
f9fa060aa453 [1m[31mDEBUG  [0m [33m[1m_send in websocket (40) [0m [1m[36m{
  "path": "/athenas/MPMTReports/download_file/?uuid=67380a2e-2ab1-4182-9b24-ac1acc952a2f",
  "filename": "relat\u00f3rio de anota\u00e7\u00f5es pessoais"
}[0m
f9fa060aa453 [1m[31mINFO   [0m [33m[1m_send in websocket (39) [0m [1m[36mSend event "base-report" to "user_id_1603"[0m
f9fa060aa453 [1m[31mDEBUG  [0m [33m[1m_send in websocket (40) [0m [1m[36m{
  "path": "/athenas/MPMTReports/download_file/?uuid=bb4c5edb-cb41-4385-9ad3-522834600306",
  "filename": "relat\u00f3rio de anota\u00e7\u00f5es pessoais"
}[0m
f9fa060aa453 [1m[31mINFO   [0m [33m[1m_send in websocket (39) [0m [1m[36mSend event "base-report" to "user_id_1603"[0m
f9fa060aa453 [1m[31mDEBUG  [0m [33m[1m_send in websocket (40) [0m [1m[36m{
  "path": "/athenas/MPMTReports/download_file/?uuid=dc9e5a94-a8fb-45fc-a181-b9628db2e158",
  "filename": "relat\u00f3rio de anota\u00e7\u00f5es pessoais"
}[0m
f9fa060aa453 [1m[31mINFO   [0m [33m[1m_send in websocket (39) [0m [1m[36mSend event "base-report" to "user_id_1603"[0m
f9fa060aa453 [1m[31mDEBUG  [0m [33m[1m_send in websocket (40) [0m [1m[36m{
  "path": "/athenas/MPMTReports/download_file/?uuid=3c9887ab-8053-4866-a943-3a99cd2e9013",
  "filename": "relat\u00f3rio de anota\u00e7\u00f5es pessoais"
}[0m
f9fa060aa453 [1m[31mINFO   [0m [33m[1m_send in websocket (39) [0m [1m[36mSend event "base-report" to "user_id_1036"[0m
f9fa060aa453 [1m[31mDEBUG  [0m [33m[1m_send in websocket (40) [0m [1m[36m{
  "path": "/athenas/MPMTReports/download_file/?uuid=b396a89b-313f-446d-b9c3-1bf50f79ad13",
  "filename": "relat\u00f3rio de anota\u00e7\u00f5es pessoais"
}[0m
f9fa060aa453 [1m[31mINFO   [0m [33m[1m_send in websocket (39) [0m [1m[36mSend event "base-report" to "user_id_1036"[0m
f9fa060aa453 [1m[31mDEBUG  [0m [33m[1m_send in websocket (40) [0m [1m[36m{
  "path": "/athenas/MPMTReports/download_file/?uuid=a427b239-50f2-43e5-b85f-140683e3af7b",
  "filename": "relat\u00f3rio de anota\u00e7\u00f5es pessoais"
}[0m
772a5ed50178 [1m[31mINFO   [0m [33m[1m_send in websocket (39) [0m [1m[36mSend event "point-sheet" to "user_id_8445"[0m
772a5ed50178 [1m[31mDEBUG  [0m [33m[1m_send in websocket (40) [0m [1m[36m{
  "path": "/athenas/PointSheetReport/viewer/?uuid=b341d01d-472c-4ea8-b4f9-208dbc03bbff",
  "filename": "Relat\u00f3rio Folha Ponto"
}[0m
772a5ed50178 [1m[31mINFO   [0m [33m[1m_send in websocket (39) [0m [1m[36mSend event "point-sheet" to "user_id_8445"[0m
772a5ed50178 [1m[31mDEBUG  [0m [33m[1m_send in websocket (40) [0m [1m[36m{
  "path": "/athenas/PointSheetReport/viewer/?uuid=dc48a2c0-e3c9-46e8-8640-ed5889402bfe",
  "filename": "Relat\u00f3rio Folha Ponto"
}[0m
772a5ed50178 [1m[31mINFO   [0m [33m[1m_send in websocket (39) [0m [1m[36mSend event "point-sheet" to "user_id_8445"[0m
772a5ed50178 [1m[31mDEBUG  [0m [33m[1m_send in websocket (40) [0m [1m[36m{
  "path": "/athenas/PointSheetReport/viewer/?uuid=2f009db0-0668-4d48-9726-41485e5dfc00",
  "filename": "Relat\u00f3rio Folha Ponto"
}[0m
d0f940baed96 [1m[31mINFO   [0m [33m[1m_send in websocket (39) [0m [1m[36mSend event "point-sheet" to "user_id_560"[0m
d0f940baed96 [1m[31mDEBUG  [0m [33m[1m_send in websocket (40) [0m [1m[36m{
  "path": "/athenas/PointSheetReport/viewer/?uuid=c8774d5b-a0b0-4906-bb67-cbc402f5d834",
  "filename": "Relat\u00f3rio Folha Ponto"
}[0m
d0f940baed96 [1m[31mINFO   [0m [33m[1m_send in websocket (39) [0m [1m[36mSend event "point-sheet" to "user_id_560"[0m
d0f940baed96 [1m[31mDEBUG  [0m [33m[1m_send in websocket (40) [0m [1m[36m{
  "path": "/athenas/PointSheetReport/viewer/?uuid=92128095-c381-44ae-bcc3-0ba7e5ee97bc",
  "filename": "Relat\u00f3rio Folha Ponto"
}[0m
c2257e4f559c [1m[31mINFO   [0m [33m[1m_send in websocket (39) [0m [1m[36mSend event "base-report" to "user_id_189"[0m
c2257e4f559c [1m[31mDEBUG  [0m [33m[1m_send in websocket (40) [0m [1m[36m{
  "path": "/athenas/MPMTReports/download_file/?uuid=f3aa34b4-73a5-4a99-ac2a-72d8a1e9324c",
  "filename": "escala de plant\u00f5es servidores"
}[0m
c2257e4f559c [1m[31mINFO   [0m [33m[1m_send in websocket (39) [0m [1m[36mSend event "base-report" to "user_id_189"[0m
c2257e4f559c [1m[31mDEBUG  [0m [33m[1m_send in websocket (40) [0m [1m[36m{
  "path": "/athenas/MPMTReports/download_file/?uuid=b444c7a5-11ae-4d8f-9bd1-6cd26c231d9c",
  "filename": "escala de plant\u00f5es servidores"
}[0m
c2257e4f559c [1m[31mINFO   [0m [33m[1m_send in websocket (39) [0m [1m[36mSend event "base-report" to "user_id_189"[0m
c2257e4f559c [1m[31mDEBUG  [0m [33m[1m_send in websocket (40) [0m [1m[36m{
  "path": "/athenas/MPMTReports/download_file/?uuid=ff9cc954-3b92-4c4a-bf5c-df2d208a20b0",
  "filename": "escala de plant\u00f5es servidores"
}[0m
c2257e4f559c [1m[31mINFO   [0m [33m[1m_send in websocket (39) [0m [1m[36mSend event "base-report" to "user_id_189"[0m
c2257e4f559c [1m[31mDEBUG  [0m [33m[1m_send in websocket (40) [0m [1m[36m{
  "path": "/athenas/MPMTReports/download_file/?uuid=574607b9-5129-4d3d-bad2-a89b15300dd4",
  "filename": "escala de plant\u00f5es servidores"
}[0m
64a6d38472b4 [1m[31mINFO   [0m [33m[1m_send in websocket (39) [0m [1m[36mSend event "base-report" to "user_id_189"[0m
64a6d38472b4 [1m[31mDEBUG  [0m [33m[1m_send in websocket (40) [0m [1m[36m{
  "path": "/athenas/MPMTReports/download_file/?uuid=827534ff-6714-4b56-b10a-9fffd648012c",
  "filename": "escala de plant\u00f5es servidores"
}[0m
64a6d38472b4 [1m[31mINFO   [0m [33m[1m_send in websocket (39) [0m [1m[36mSend event "base-report" to "user_id_189"[0m
64a6d38472b4 [1m[31mDEBUG  [0m [33m[1m_send in websocket (40) [0m [1m[36m{
  "path": "/athenas/MPMTReports/download_file/?uuid=b474acca-177a-482f-884b-4413505d521c",
  "filename": "escala de plant\u00f5es servidores"
}[0m
89bd6c5ee3d4 [1m[31mINFO   [0m [33m[1m_send in websocket (39) [0m [1m[36mSend event "base-report" to "user_id_189"[0m
89bd6c5ee3d4 [1m[31mDEBUG  [0m [33m[1m_send in websocket (40) [0m [1m[36m{
  "path": "/athenas/MPMTReports/download_file/?uuid=5e0698bf-860c-46f8-9dda-3d2a0fd4f944",
  "filename": "escala de plant\u00f5es servidores"
}[0m
704dd406f581 [1m[31mINFO   [0m [33m[1m_send in websocket (39) [0m [1m[36mSend event "base-report" to "user_id_189"[0m
704dd406f581 [1m[31mDEBUG  [0m [33m[1m_send in websocket (40) [0m [1m[36m{
  "path": "/athenas/MPMTReports/download_file/?uuid=3096f04b-5cc5-4a4a-81c7-25b0601ff651",
  "filename": "escala de plant\u00f5es servidores"
}[0m
b7cddd597daa [1m[31mINFO   [0m [33m[1m_send in websocket (39) [0m [1m[36mSend event "base-report" to "user_id_189"[0m
b7cddd597daa [1m[31mDEBUG  [0m [33m[1m_send in websocket (40) [0m [1m[36m{
  "path": "/athenas/MPMTReports/download_file/?uuid=d6be89af-8ea3-42bf-abb7-42cea1fb2d42",
  "filename": "escala de plant\u00f5es servidores"
}[0m
d64597a81708 [1m[31mINFO   [0m [33m[1m_send in websocket (39) [0m [1m[36mSend event "base-report" to "user_id_189"[0m
d64597a81708 [1m[31mDEBUG  [0m [33m[1m_send in websocket (40) [0m [1m[36m{
  "path": "/athenas/MPMTReports/download_file/?uuid=aa225e00-f570-435b-942c-0862f61403fe",
  "filename": "escala de plant\u00f5es servidores"
}[0m
f4fa87fdad4c [1m[31mINFO   [0m [33m[1m_send in websocket (39) [0m [1m[36mSend event "base-report" to "user_id_189"[0m
f4fa87fdad4c [1m[31mDEBUG  [0m [33m[1m_send in websocket (40) [0m [1m[36m{
  "path": "/athenas/MPMTReports/download_file/?uuid=623b30b5-0fe1-4c03-b3e7-d75847ff9fe1",
  "filename": "escala de plant\u00f5es servidores"
}[0m
1688746b93fc [1m[31mINFO   [0m [33m[1m_send in websocket (39) [0m [1m[36mSend event "base-report" to "user_id_189"[0m
1688746b93fc [1m[31mDEBUG  [0m [33m[1m_send in websocket (40) [0m [1m[36m{
  "path": "/athenas/MPMTReports/download_file/?uuid=b1321118-d004-48de-93bf-5d61cecce00b",
  "filename": "escala de plant\u00f5es servidores"
}[0m
1688746b93fc [1m[31mINFO   [0m [33m[1m_send in websocket (39) [0m [1m[36mSend event "base-report" to "user_id_189"[0m
1688746b93fc [1m[31mDEBUG  [0m [33m[1m_send in websocket (40) [0m [1m[36m{
  "path": "/athenas/MPMTReports/download_file/?uuid=2922c8f1-c0dc-45fc-99a8-a02c7541cbdf",
  "filename": "escala de plant\u00f5es servidores"
}[0m
1688746b93fc [1m[31mINFO   [0m [33m[1m_send in websocket (39) [0m [1m[36mSend event "base-report" to "user_id_189"[0m
1688746b93fc [1m[31mDEBUG  [0m [33m[1m_send in websocket (40) [0m [1m[36m{
  "path": "/athenas/MPMTReports/download_file/?uuid=ceb16fa7-01de-48a0-87ba-ed861f9b679a",
  "filename": "escala de plant\u00f5es servidores"
}[0m
1688746b93fc [1m[31mINFO   [0m [33m[1m_send in websocket (39) [0m [1m[36mSend event "base-report" to "user_id_189"[0m
1688746b93fc [1m[31mDEBUG  [0m [33m[1m_send in websocket (40) [0m [1m[36m{
  "path": "/athenas/MPMTReports/download_file/?uuid=1e02d2b5-d779-429f-8ec7-06696a707223",
  "filename": "escala de plant\u00f5es servidores"
}[0m
1688746b93fc [1m[31mINFO   [0m [33m[1m_send in websocket (39) [0m [1m[36mSend event "base-report" to "user_id_189"[0m
1688746b93fc [1m[31mDEBUG  [0m [33m[1m_send in websocket (40) [0m [1m[36m{
  "path": "/athenas/MPMTReports/download_file/?uuid=a66138f7-6474-410d-9d84-aa1db70c5939",
  "filename": "escala de plant\u00f5es servidores"
}[0m
1688746b93fc [1m[31mINFO   [0m [33m[1m_send in websocket (39) [0m [1m[36mSend event "base-report" to "user_id_189"[0m
1688746b93fc [1m[31mDEBUG  [0m [33m[1m_send in websocket (40) [0m [1m[36m{
  "path": "/athenas/MPMTReports/download_file/?uuid=382d15a4-51b7-4e68-b701-3ae31b4c9348",
  "filename": "escala de plant\u00f5es servidores"
}[0m
1688746b93fc [1m[31mINFO   [0m [33m[1m_send in websocket (39) [0m [1m[36mSend event "base-report" to "user_id_189"[0m
1688746b93fc [1m[31mDEBUG  [0m [33m[1m_send in websocket (40) [0m [1m[36m{
  "path": "/athenas/MPMTReports/download_file/?uuid=8a3780d2-72ad-4303-aff1-64f7c0d713a2",
  "filename": "escala de plant\u00f5es servidores"
}[0m
1688746b93fc [1m[31mINFO   [0m [33m[1m_send in websocket (39) [0m [1m[36mSend event "base-report" to "user_id_189"[0m
1688746b93fc [1m[31mDEBUG  [0m [33m[1m_send in websocket (40) [0m [1m[36m{
  "path": "/athenas/MPMTReports/download_file/?uuid=bdcf8227-d3bb-4a16-bc3b-772acf01067c",
  "filename": "escala de plant\u00f5es servidores"
}[0m
1688746b93fc [1m[31mINFO   [0m [33m[1m_send in websocket (39) [0m [1m[36mSend event "base-report" to "user_id_189"[0m
1688746b93fc [1m[31mDEBUG  [0m [33m[1m_send in websocket (40) [0m [1m[36m{
  "path": "/athenas/MPMTReports/download_file/?uuid=cdfae733-6db2-421c-bbec-873069558266",
  "filename": "escala de plant\u00f5es servidores"
}[0m
1688746b93fc [1m[31mINFO   [0m [33m[1m_send in websocket (39) [0m [1m[36mSend event "base-report" to "user_id_8445"[0m
1688746b93fc [1m[31mDEBUG  [0m [33m[1m_send in websocket (40) [0m [1m[36m{
  "path": "/athenas/MPMTReports/download_file/?uuid=87ced71d-cec7-49ef-978e-2bf1831b4b4a",
  "filename": "escala de plant\u00f5es servidores"
}[0m
1688746b93fc [1m[31mINFO   [0m [33m[1m_send in websocket (39) [0m [1m[36mSend event "base-report" to "user_id_189"[0m
1688746b93fc [1m[31mDEBUG  [0m [33m[1m_send in websocket (40) [0m [1m[36m{
  "path": "/athenas/MPMTReports/download_file/?uuid=054835dc-88ce-4f0e-a3b3-dbd4c4b2b0e2",
  "filename": "escala de plant\u00f5es servidores"
}[0m
1688746b93fc [1m[31mINFO   [0m [33m[1m_send in websocket (39) [0m [1m[36mSend event "base-report" to "user_id_189"[0m
1688746b93fc [1m[31mDEBUG  [0m [33m[1m_send in websocket (40) [0m [1m[36m{
  "path": "/athenas/MPMTReports/download_file/?uuid=19c2cbaa-3e0c-4b13-9dd1-a7e79292e9e3",
  "filename": "escala de plant\u00f5es servidores"
}[0m
1688746b93fc [1m[31mINFO   [0m [33m[1m_send in websocket (39) [0m [1m[36mSend event "base-report" to "user_id_189"[0m
1688746b93fc [1m[31mDEBUG  [0m [33m[1m_send in websocket (40) [0m [1m[36m{
  "path": "/athenas/MPMTReports/download_file/?uuid=a2ab47ed-b023-46db-a76c-2390b72c4ca5",
  "filename": "escala de plant\u00f5es servidores"
}[0m
c07b80b7ef27 [1m[31mINFO   [0m [33m[1m_send in websocket (39) [0m [1m[36mSend event "base-report" to "user_id_189"[0m
c07b80b7ef27 [1m[31mDEBUG  [0m [33m[1m_send in websocket (40) [0m [1m[36m{
  "path": "/athenas/MPMTReports/download_file/?uuid=4b0a7f32-9ee2-42cc-a01b-d3468a22a4e6",
  "filename": "relat\u00f3rio de anota\u00e7\u00f5es pessoais"
}[0m
e15a63f3df0a [1m[31mINFO   [0m [33m[1m_send in websocket (39) [0m [1m[36mSend event "base-report" to "user_id_189"[0m
e15a63f3df0a [1m[31mDEBUG  [0m [33m[1m_send in websocket (40) [0m [1m[36m{
  "path": "/athenas/MPMTReports/download_file/?uuid=8cc12b28-68cf-4c8a-b5b6-4a289fb4e680",
  "filename": "escala de plant\u00f5es servidores"
}[0m
e15a63f3df0a [1m[31mINFO   [0m [33m[1m_send in websocket (39) [0m [1m[36mSend event "base-report" to "user_id_189"[0m
e15a63f3df0a [1m[31mDEBUG  [0m [33m[1m_send in websocket (40) [0m [1m[36m{
  "path": "/athenas/MPMTReports/download_file/?uuid=346984d6-4a67-45ee-9934-9e3a264c7dfd",
  "filename": "escala de plant\u00f5es servidores"
}[0m
e15a63f3df0a [1m[31mINFO   [0m [33m[1m_send in websocket (39) [0m [1m[36mSend event "base-report" to "user_id_8445"[0m
e15a63f3df0a [1m[31mDEBUG  [0m [33m[1m_send in websocket (40) [0m [1m[36m{
  "path": "/athenas/MPMTReports/download_file/?uuid=32a8d706-6ab4-4c94-b274-b02049994d0f",
  "filename": "escala de plant\u00f5es servidores"
}[0m
9c429e86e298 [1m[31mINFO   [0m [33m[1m_send in websocket (39) [0m [1m[36mSend event "base-report" to "user_id_8445"[0m
9c429e86e298 [1m[31mDEBUG  [0m [33m[1m_send in websocket (40) [0m [1m[36m{
  "path": "/athenas/MPMTReports/download_file/?uuid=2c9826d1-bb09-4a0f-bf09-47a7b1ad18ee",
  "filename": "escala de plant\u00f5es servidores"
}[0m
b804ce08d1be [1m[31mINFO   [0m [33m[1m_send in websocket (39) [0m [1m[36mSend event "base-report" to "user_id_189"[0m
b804ce08d1be [1m[31mDEBUG  [0m [33m[1m_send in websocket (40) [0m [1m[36m{
  "path": "/athenas/MPMTReports/download_file/?uuid=8f6b720c-5dcb-436f-8df0-5420ff1eec4d",
  "filename": "escala de plant\u00f5es servidores"
}[0m
b804ce08d1be [1m[31mINFO   [0m [33m[1m_send in websocket (39) [0m [1m[36mSend event "base-report" to "user_id_8445"[0m
b804ce08d1be [1m[31mDEBUG  [0m [33m[1m_send in websocket (40) [0m [1m[36m{
  "path": "/athenas/MPMTReports/download_file/?uuid=cf343dec-2186-4814-94ac-00f1589fe08d",
  "filename": "escala de plant\u00f5es servidores"
}[0m
b1b2c1a781e4 [1m[31mINFO   [0m [33m[1m_send in websocket (39) [0m [1m[36mSend event "base-report" to "user_id_189"[0m
b1b2c1a781e4 [1m[31mDEBUG  [0m [33m[1m_send in websocket (40) [0m [1m[36m{
  "path": "/athenas/MPMTReports/download_file/?uuid=504ff601-4574-4c96-a021-13c9c476e6e5",
  "filename": "escala de plant\u00f5es servidores"
}[0m
b1b2c1a781e4 [1m[31mINFO   [0m [33m[1m_send in websocket (39) [0m [1m[36mSend event "base-report" to "user_id_8445"[0m
b1b2c1a781e4 [1m[31mDEBUG  [0m [33m[1m_send in websocket (40) [0m [1m[36m{
  "path": "/athenas/MPMTReports/download_file/?uuid=40d26bd9-0b9c-47b4-a0e3-98bb3246451a",
  "filename": "escala de plant\u00f5es servidores"
}[0m
4c3a0c1cb3b6 [1m[31mINFO   [0m [33m[1m_send in websocket (39) [0m [1m[36mSend event "point-sheet" to "user_id_1603"[0m
4c3a0c1cb3b6 [1m[31mDEBUG  [0m [33m[1m_send in websocket (40) [0m [1m[36m{
  "path": "/athenas/PointSheetReport/viewer/?uuid=bd963743-1e73-4bf8-a8b9-db46619c1d06",
  "filename": "Relat\u00f3rio Folha Ponto"
}[0m
302f19246c7f [1m[31mINFO   [0m [33m[1m_send in websocket (39) [0m [1m[36mSend event "point-sheet" to "user_id_1603"[0m
302f19246c7f [1m[31mDEBUG  [0m [33m[1m_send in websocket (40) [0m [1m[36m{
  "path": "/athenas/PointSheetReport/viewer/?uuid=47f6009b-3bd5-4583-ae15-5fa2fc568740",
  "filename": "Relat\u00f3rio Folha Ponto"
}[0m
cf8f191e4c9a [1m[31mINFO   [0m [33m[1m_send in websocket (39) [0m [1m[36mSend event "calendar-report" to "user_id_1603"[0m
cf8f191e4c9a [1m[31mDEBUG  [0m [33m[1m_send in websocket (40) [0m [1m[36m{
  "path": "/athenas/PVFCalendarRestful/viewer/?uuid=5d2559d8-223f-47d3-aaf1-56b2a16e3f99",
  "filename": "Agenda"
}[0m
302f19246c7f [1m[31mINFO   [0m [33m[1m_send in websocket (39) [0m [1m[36mSend event "point-sheet" to "user_id_1603"[0m
302f19246c7f [1m[31mDEBUG  [0m [33m[1m_send in websocket (40) [0m [1m[36m{
  "path": "/athenas/PointSheetReport/viewer/?uuid=3f4b37ee-6a38-4299-8ae5-d2f99a835ca0",
  "filename": "Relat\u00f3rio Folha Ponto"
}[0m
302f19246c7f [1m[31mINFO   [0m [33m[1m_send in websocket (39) [0m [1m[36mSend event "point-sheet" to "user_id_1603"[0m
302f19246c7f [1m[31mDEBUG  [0m [33m[1m_send in websocket (40) [0m [1m[36m{
  "path": "/athenas/PointSheetReport/viewer/?uuid=5faad85d-1b3e-4fbe-9b34-251e053341f1",
  "filename": "Relat\u00f3rio Folha Ponto"
}[0m
362518ca682d [1m[31mINFO   [0m [33m[1m_send in websocket (39) [0m [1m[36mSend event "point-sheet" to "user_id_1603"[0m
362518ca682d [1m[31mDEBUG  [0m [33m[1m_send in websocket (40) [0m [1m[36m{
  "path": "/athenas/PointSheetReport/viewer/?uuid=ddf38ff7-b2c6-4dc4-a5f6-aeb0141371c4",
  "filename": "Relat\u00f3rio Folha Ponto"
}[0m
362518ca682d [1m[31mINFO   [0m [33m[1m_send in websocket (39) [0m [1m[36mSend event "point-sheet" to "user_id_1603"[0m
362518ca682d [1m[31mDEBUG  [0m [33m[1m_send in websocket (40) [0m [1m[36m{
  "path": "/athenas/PointSheetReport/viewer/?uuid=c86e7753-c74f-4007-b6cc-118234400f8a",
  "filename": "Relat\u00f3rio Folha Ponto"
}[0m
51f67f2a35ca [1m[31mINFO   [0m [33m[1m_send in websocket (39) [0m [1m[36mSend event "point-sheet" to "user_id_1603"[0m
51f67f2a35ca [1m[31mDEBUG  [0m [33m[1m_send in websocket (40) [0m [1m[36m{
  "path": "/athenas/PointSheetReport/viewer/?uuid=1295d3fd-88e2-41f9-8d19-04bba78571d5",
  "filename": "Relat\u00f3rio Folha Ponto"
}[0m
51f67f2a35ca [1m[31mINFO   [0m [33m[1m_send in websocket (39) [0m [1m[36mSend event "point-sheet" to "user_id_1603"[0m
51f67f2a35ca [1m[31mDEBUG  [0m [33m[1m_send in websocket (40) [0m [1m[36m{
  "path": "/athenas/PointSheetReport/viewer/?uuid=42162f8d-d6ff-418c-bed3-0e842c413075",
  "filename": "Relat\u00f3rio Folha Ponto"
}[0m
51f67f2a35ca [1m[31mINFO   [0m [33m[1m_send in websocket (39) [0m [1m[36mSend event "point-sheet" to "user_id_1603"[0m
51f67f2a35ca [1m[31mDEBUG  [0m [33m[1m_send in websocket (40) [0m [1m[36m{
  "path": "/athenas/PointSheetReport/viewer/?uuid=48abe7fe-7ac9-4c27-b62e-2d8755e790ed",
  "filename": "Relat\u00f3rio Folha Ponto"
}[0m
51f67f2a35ca [1m[31mINFO   [0m [33m[1m_send in websocket (39) [0m [1m[36mSend event "point-sheet" to "user_id_1603"[0m
51f67f2a35ca [1m[31mDEBUG  [0m [33m[1m_send in websocket (40) [0m [1m[36m{
  "path": "/athenas/PointSheetReport/viewer/?uuid=1c0f9f40-b65f-4c4a-8110-8b3c1c961928",
  "filename": "Relat\u00f3rio Folha Ponto"
}[0m
51f67f2a35ca [1m[31mINFO   [0m [33m[1m_send in websocket (39) [0m [1m[36mSend event "point-sheet" to "user_id_1603"[0m
51f67f2a35ca [1m[31mDEBUG  [0m [33m[1m_send in websocket (40) [0m [1m[36m{
  "path": "/athenas/PointSheetReport/viewer/?uuid=e6817f5d-0653-4447-a8b4-446e1d1d9b31",
  "filename": "Relat\u00f3rio Folha Ponto"
}[0m
51f67f2a35ca [1m[31mINFO   [0m [33m[1m_send in websocket (39) [0m [1m[36mSend event "point-sheet" to "user_id_1603"[0m
51f67f2a35ca [1m[31mDEBUG  [0m [33m[1m_send in websocket (40) [0m [1m[36m{
  "path": "/athenas/PointSheetReport/viewer/?uuid=81fd087b-a4da-4c05-a7ca-f042400fb8a1",
  "filename": "Relat\u00f3rio Folha Ponto"
}[0m
51f67f2a35ca [1m[31mINFO   [0m [33m[1m_send in websocket (39) [0m [1m[36mSend event "point-sheet" to "user_id_1603"[0m
51f67f2a35ca [1m[31mDEBUG  [0m [33m[1m_send in websocket (40) [0m [1m[36m{
  "path": "/athenas/PointSheetReport/viewer/?uuid=3b63b860-a6c2-4dbe-b10f-a85d07e90cf4",
  "filename": "Relat\u00f3rio Folha Ponto"
}[0m
51f67f2a35ca [1m[31mINFO   [0m [33m[1m_send in websocket (39) [0m [1m[36mSend event "point-sheet" to "user_id_1603"[0m
51f67f2a35ca [1m[31mDEBUG  [0m [33m[1m_send in websocket (40) [0m [1m[36m{
  "path": "/athenas/PointSheetReport/viewer/?uuid=993e6bdd-fbab-402c-a835-3960c45efed1",
  "filename": "Relat\u00f3rio Folha Ponto"
}[0m
51f67f2a35ca [1m[31mINFO   [0m [33m[1m_send in websocket (39) [0m [1m[36mSend event "point-sheet" to "user_id_1603"[0m
51f67f2a35ca [1m[31mDEBUG  [0m [33m[1m_send in websocket (40) [0m [1m[36m{
  "path": "/athenas/PointSheetReport/viewer/?uuid=874232b1-dbeb-4aad-a204-9e755514bcd3",
  "filename": "Relat\u00f3rio Folha Ponto"
}[0m
e30a28fd8d53 [1m[31mINFO   [0m [33m[1m_send in websocket (39) [0m [1m[36mSend event "base-report" to "user_id_1603"[0m
e30a28fd8d53 [1m[31mDEBUG  [0m [33m[1m_send in websocket (40) [0m [1m[36m{
  "path": "/athenas/MPMTReports/download_file/?uuid=3c67160e-3196-4c5c-a2b2-afb7222fffb9",
  "filename": "lotacionograma"
}[0m
dd17c00f0b4a [1m[31mINFO   [0m [33m[1m_send in websocket (39) [0m [1m[36mSend event "base-report" to "user_id_8445"[0m
dd17c00f0b4a [1m[31mDEBUG  [0m [33m[1m_send in websocket (40) [0m [1m[36m{
  "path": "/athenas/MPMTReports/download_file/?uuid=c435a41c-3bfb-4e53-83fa-8c2d95f005ad",
  "filename": "lotacionograma"
}[0m
dd17c00f0b4a [1m[31mINFO   [0m [33m[1m_send in websocket (39) [0m [1m[36mSend event "base-report" to "user_id_8445"[0m
dd17c00f0b4a [1m[31mDEBUG  [0m [33m[1m_send in websocket (40) [0m [1m[36m{
  "path": "/athenas/MPMTReports/download_file/?uuid=cefa8c05-68ce-4ca3-a60d-7c4d050ec143",
  "filename": "lotacionograma"
}[0m
9c491e92e506 [1m[31mINFO   [0m [33m[1m_send in websocket (39) [0m [1m[36mSend event "base-report" to "user_id_1603"[0m
9c491e92e506 [1m[31mDEBUG  [0m [33m[1m_send in websocket (40) [0m [1m[36m{
  "path": "/athenas/MPMTReports/download_file/?uuid=c22baadd-5618-4e6e-afb2-ca33e450dade",
  "filename": "lotacionograma"
}[0m
01fae12429c0 [1m[31mINFO   [0m [33m[1m_send in websocket (39) [0m [1m[36mSend event "base-report" to "user_id_1603"[0m
01fae12429c0 [1m[31mDEBUG  [0m [33m[1m_send in websocket (40) [0m [1m[36m{
  "path": "/athenas/MPMTReports/download_file/?uuid=e1f2a5a7-4e1c-4a94-a473-809da42c0149",
  "filename": "relat\u00f3rio semestral do teletrabalho"
}[0m
9f460af4f9df [1m[31mINFO   [0m [33m[1m_send in websocket (39) [0m [1m[36mSend event "base-report" to "user_id_1603"[0m
9f460af4f9df [1m[31mDEBUG  [0m [33m[1m_send in websocket (40) [0m [1m[36m{
  "path": "/athenas/MPMTReports/download_file/?uuid=4e2ac806-9e37-41ce-ae0c-bb45bcc30d85",
  "filename": "relat\u00f3rio semestral do teletrabalho"
}[0m
12eb4ebf98cf [1m[31mINFO   [0m [33m[1m_send in websocket (39) [0m [1m[36mSend event "base-report" to "user_id_1603"[0m
12eb4ebf98cf [1m[31mDEBUG  [0m [33m[1m_send in websocket (40) [0m [1m[36m{
  "path": "/athenas/MPMTReports/download_file/?uuid=fc17767a-18ee-4615-9a10-4bc7026d3964",
  "filename": "relat\u00f3rio semestral do teletrabalho"
}[0m
12eb4ebf98cf [1m[31mINFO   [0m [33m[1m_send in websocket (39) [0m [1m[36mSend event "base-report" to "user_id_1603"[0m
12eb4ebf98cf [1m[31mDEBUG  [0m [33m[1m_send in websocket (40) [0m [1m[36m{
  "path": "/athenas/MPMTReports/download_file/?uuid=31d60d7a-5790-4d4e-bc8a-a6df1603d569",
  "filename": "relat\u00f3rio semestral do teletrabalho"
}[0m
12eb4ebf98cf [1m[31mINFO   [0m [33m[1m_send in websocket (39) [0m [1m[36mSend event "base-report" to "user_id_1603"[0m
12eb4ebf98cf [1m[31mDEBUG  [0m [33m[1m_send in websocket (40) [0m [1m[36m{
  "path": "/athenas/MPMTReports/download_file/?uuid=942a79d4-0742-4eba-b026-c2826fdc022f",
  "filename": "relat\u00f3rio semestral do teletrabalho"
}[0m
12eb4ebf98cf [1m[31mINFO   [0m [33m[1m_send in websocket (39) [0m [1m[36mSend event "base-report" to "user_id_1603"[0m
12eb4ebf98cf [1m[31mDEBUG  [0m [33m[1m_send in websocket (40) [0m [1m[36m{
  "path": "/athenas/MPMTReports/download_file/?uuid=49baeeea-0739-46dd-bae7-725fc4be006b",
  "filename": "relat\u00f3rio semestral do teletrabalho"
}[0m
12eb4ebf98cf [1m[31mINFO   [0m [33m[1m_send in websocket (39) [0m [1m[36mSend event "base-report" to "user_id_1603"[0m
12eb4ebf98cf [1m[31mDEBUG  [0m [33m[1m_send in websocket (40) [0m [1m[36m{
  "path": "/athenas/MPMTReports/download_file/?uuid=58dd1569-fd6e-47fd-ac94-d56e6c382feb",
  "filename": "relat\u00f3rio semestral do teletrabalho"
}[0m
12eb4ebf98cf [1m[31mINFO   [0m [33m[1m_send in websocket (39) [0m [1m[36mSend event "base-report" to "user_id_1603"[0m
12eb4ebf98cf [1m[31mDEBUG  [0m [33m[1m_send in websocket (40) [0m [1m[36m{
  "path": "/athenas/MPMTReports/download_file/?uuid=b0e47db7-a620-4aaa-9272-09e7f5f454b5",
  "filename": "relat\u00f3rio semestral do teletrabalho"
}[0m
12eb4ebf98cf [1m[31mINFO   [0m [33m[1m_send in websocket (39) [0m [1m[36mSend event "base-report" to "user_id_1603"[0m
12eb4ebf98cf [1m[31mDEBUG  [0m [33m[1m_send in websocket (40) [0m [1m[36m{
  "path": "/athenas/MPMTReports/download_file/?uuid=58933cae-7ab1-48df-9a7e-b48b12f16c71",
  "filename": "relat\u00f3rio semestral do teletrabalho"
}[0m
12eb4ebf98cf [1m[31mINFO   [0m [33m[1m_send in websocket (39) [0m [1m[36mSend event "base-report" to "user_id_1603"[0m
12eb4ebf98cf [1m[31mDEBUG  [0m [33m[1m_send in websocket (40) [0m [1m[36m{
  "path": "/athenas/MPMTReports/download_file/?uuid=e2899b94-97c6-400f-a085-e085a0017239",
  "filename": "relat\u00f3rio semestral do teletrabalho"
}[0m
12eb4ebf98cf [1m[31mINFO   [0m [33m[1m_send in websocket (39) [0m [1m[36mSend event "base-report" to "user_id_1603"[0m
12eb4ebf98cf [1m[31mDEBUG  [0m [33m[1m_send in websocket (40) [0m [1m[36m{
  "path": "/athenas/MPMTReports/download_file/?uuid=9c430b57-1384-4699-bf4c-c981a9235155",
  "filename": "relat\u00f3rio semestral do teletrabalho"
}[0m
12eb4ebf98cf [1m[31mINFO   [0m [33m[1m_send in websocket (39) [0m [1m[36mSend event "base-report" to "user_id_1603"[0m
12eb4ebf98cf [1m[31mDEBUG  [0m [33m[1m_send in websocket (40) [0m [1m[36m{
  "path": "/athenas/MPMTReports/download_file/?uuid=5de527ee-fef7-4e7a-b378-5ecb866e13ff",
  "filename": "relat\u00f3rio semestral do teletrabalho"
}[0m
12eb4ebf98cf [1m[31mINFO   [0m [33m[1m_send in websocket (39) [0m [1m[36mSend event "base-report" to "user_id_1603"[0m
12eb4ebf98cf [1m[31mDEBUG  [0m [33m[1m_send in websocket (40) [0m [1m[36m{
  "path": "/athenas/MPMTReports/download_file/?uuid=d21f46a0-f5d0-435f-91d6-e65e7c9b3a35",
  "filename": "relat\u00f3rio semestral do teletrabalho"
}[0m
12eb4ebf98cf [1m[31mINFO   [0m [33m[1m_send in websocket (39) [0m [1m[36mSend event "base-report" to "user_id_1603"[0m
12eb4ebf98cf [1m[31mDEBUG  [0m [33m[1m_send in websocket (40) [0m [1m[36m{
  "path": "/athenas/MPMTReports/download_file/?uuid=251d8a96-cea0-4b22-9b70-6be73de3e55a",
  "filename": "relat\u00f3rio semestral do teletrabalho"
}[0m
12eb4ebf98cf [1m[31mINFO   [0m [33m[1m_send in websocket (39) [0m [1m[36mSend event "base-report" to "user_id_1603"[0m
12eb4ebf98cf [1m[31mDEBUG  [0m [33m[1m_send in websocket (40) [0m [1m[36m{
  "path": "/athenas/MPMTReports/download_file/?uuid=d0b5f686-4d7e-439a-b7ea-913a0b5e0115",
  "filename": "relat\u00f3rio semestral do teletrabalho"
}[0m
12eb4ebf98cf [1m[31mINFO   [0m [33m[1m_send in websocket (39) [0m [1m[36mSend event "base-report" to "user_id_1603"[0m
12eb4ebf98cf [1m[31mDEBUG  [0m [33m[1m_send in websocket (40) [0m [1m[36m{
  "path": "/athenas/MPMTReports/download_file/?uuid=8143341d-7daf-49ef-bfe7-f208074d4173",
  "filename": "relat\u00f3rio semestral do teletrabalho"
}[0m
12eb4ebf98cf [1m[31mINFO   [0m [33m[1m_send in websocket (39) [0m [1m[36mSend event "base-report" to "user_id_1603"[0m
12eb4ebf98cf [1m[31mDEBUG  [0m [33m[1m_send in websocket (40) [0m [1m[36m{
  "path": "/athenas/MPMTReports/download_file/?uuid=ae240157-ade0-4796-8040-ca40e9c5ba0c",
  "filename": "relat\u00f3rio semestral do teletrabalho"
}[0m
12eb4ebf98cf [1m[31mINFO   [0m [33m[1m_send in websocket (39) [0m [1m[36mSend event "base-report" to "user_id_1603"[0m
12eb4ebf98cf [1m[31mDEBUG  [0m [33m[1m_send in websocket (40) [0m [1m[36m{
  "path": "/athenas/MPMTReports/download_file/?uuid=777b8343-9a6e-454b-b673-11430c5f45aa",
  "filename": "relat\u00f3rio semestral do teletrabalho"
}[0m
12eb4ebf98cf [1m[31mINFO   [0m [33m[1m_send in websocket (39) [0m [1m[36mSend event "base-report" to "user_id_1603"[0m
12eb4ebf98cf [1m[31mDEBUG  [0m [33m[1m_send in websocket (40) [0m [1m[36m{
  "path": "/athenas/MPMTReports/download_file/?uuid=aabfc40d-c061-47aa-8cb2-68ea0dbf2dcd",
  "filename": "relat\u00f3rio semestral do teletrabalho"
}[0m
971e360c3c6e [1m[31mINFO   [0m [33m[1m_send in websocket (39) [0m [1m[36mSend event "base-report" to "user_id_1603"[0m
971e360c3c6e [1m[31mDEBUG  [0m [33m[1m_send in websocket (40) [0m [1m[36m{
  "path": "/athenas/MPMTReports/download_file/?uuid=a4b50ff6-de2c-42d3-be09-659e0a39fe95",
  "filename": "relat\u00f3rio semestral do teletrabalho"
}[0m
971e360c3c6e [1m[31mINFO   [0m [33m[1m_send in websocket (39) [0m [1m[36mSend event "base-report" to "user_id_1603"[0m
971e360c3c6e [1m[31mDEBUG  [0m [33m[1m_send in websocket (40) [0m [1m[36m{
  "path": "/athenas/MPMTReports/download_file/?uuid=ccee61de-e39b-427f-a5d3-5d9314b97416",
  "filename": "relat\u00f3rio semestral do teletrabalho"
}[0m
971e360c3c6e [1m[31mINFO   [0m [33m[1m_send in websocket (39) [0m [1m[36mSend event "base-report" to "user_id_1603"[0m
971e360c3c6e [1m[31mDEBUG  [0m [33m[1m_send in websocket (40) [0m [1m[36m{
  "path": "/athenas/MPMTReports/download_file/?uuid=ff6e64bc-74d5-4937-8779-8cd0cb246155",
  "filename": "relat\u00f3rio semestral do teletrabalho"
}[0m
971e360c3c6e [1m[31mINFO   [0m [33m[1m_send in websocket (39) [0m [1m[36mSend event "base-report" to "user_id_1603"[0m
971e360c3c6e [1m[31mDEBUG  [0m [33m[1m_send in websocket (40) [0m [1m[36m{
  "path": "/athenas/MPMTReports/download_file/?uuid=992a1e82-c5aa-444b-a1af-b3df722969b5",
  "filename": "relat\u00f3rio semestral do teletrabalho"
}[0m
971e360c3c6e [1m[31mINFO   [0m [33m[1m_send in websocket (39) [0m [1m[36mSend event "base-report" to "user_id_1603"[0m
971e360c3c6e [1m[31mDEBUG  [0m [33m[1m_send in websocket (40) [0m [1m[36m{
  "path": "/athenas/MPMTReports/download_file/?uuid=d9d7a037-d993-4cb7-aba9-12bc6c299ff7",
  "filename": "relat\u00f3rio semestral do teletrabalho"
}[0m
971e360c3c6e [1m[31mINFO   [0m [33m[1m_send in websocket (39) [0m [1m[36mSend event "base-report" to "user_id_1603"[0m
971e360c3c6e [1m[31mDEBUG  [0m [33m[1m_send in websocket (40) [0m [1m[36m{
  "path": "/athenas/MPMTReports/download_file/?uuid=0341f222-3b58-4f0a-bfff-d92bfb7da68b",
  "filename": "relat\u00f3rio semestral do teletrabalho"
}[0m
38f819b71a64 [1m[31mINFO   [0m [33m[1m_send in websocket (39) [0m [1m[36mSend event "base-report" to "user_id_1603"[0m
38f819b71a64 [1m[31mDEBUG  [0m [33m[1m_send in websocket (40) [0m [1m[36m{
  "path": "/athenas/MPMTReports/download_file/?uuid=9f7c59dd-cbc8-4048-9bb4-cf0c17d466a1",
  "filename": "relat\u00f3rio semestral do teletrabalho"
}[0m
ffcd9229b8c0 [1m[31mINFO   [0m [33m[1m_send in websocket (39) [0m [1m[36mSend event "base-report" to "user_id_1603"[0m
ffcd9229b8c0 [1m[31mDEBUG  [0m [33m[1m_send in websocket (40) [0m [1m[36m{
  "path": "/athenas/MPMTReports/download_file/?uuid=8d385e3f-2af3-46dd-ba82-07a81f679ee1",
  "filename": "relat\u00f3rio semestral do teletrabalho"
}[0m
40775515e253 [1m[31mINFO   [0m [33m[1m_send in websocket (39) [0m [1m[36mSend event "base-report" to "user_id_1603"[0m
40775515e253 [1m[31mDEBUG  [0m [33m[1m_send in websocket (40) [0m [1m[36m{
  "path": "/athenas/MPMTReports/download_file/?uuid=f979fc18-f3c9-4a6d-b5d8-adfa877d80ac",
  "filename": "relat\u00f3rio semestral do teletrabalho"
}[0m
40775515e253 [1m[31mINFO   [0m [33m[1m_send in websocket (39) [0m [1m[36mSend event "base-report" to "user_id_1603"[0m
40775515e253 [1m[31mDEBUG  [0m [33m[1m_send in websocket (40) [0m [1m[36m{
  "path": "/athenas/MPMTReports/download_file/?uuid=4b4ede02-9a8f-42fc-864c-6fc31eba54a9",
  "filename": "relat\u00f3rio semestral do teletrabalho"
}[0m
4c991b93b51a [1m[31mINFO   [0m [33m[1m_send in websocket (39) [0m [1m[36mSend event "base-report" to "user_id_1603"[0m
4c991b93b51a [1m[31mDEBUG  [0m [33m[1m_send in websocket (40) [0m [1m[36m{
  "path": "/athenas/MPMTReports/download_file/?uuid=6d290db9-69a4-4ff9-98ef-e7b5bd296ca7",
  "filename": "relat\u00f3rio semestral do teletrabalho"
}[0m
53d9eef6cbaa [1m[31mINFO   [0m [33m[1m_send in websocket (39) [0m [1m[36mSend event "base-report" to "user_id_1603"[0m
53d9eef6cbaa [1m[31mDEBUG  [0m [33m[1m_send in websocket (40) [0m [1m[36m{
  "path": "/athenas/MPMTReports/download_file/?uuid=cf8fd7a8-e407-4f02-be18-434b1d65f2eb",
  "filename": "relat\u00f3rio semestral do teletrabalho"
}[0m
3e1f3f0da38c [1m[31mINFO   [0m [33m[1m_send in websocket (39) [0m [1m[36mSend event "iwSHX" to "user_id_174"[0m
3e1f3f0da38c [1m[31mDEBUG  [0m [33m[1m_send in websocket (40) [0m [1m[36m{
  "path": "/athenas/QueryReport/download_file/?uuid=955bf3f2-98cb-423b-84e7-9a05c17a18e8",
  "filename": "",
  "status": "success"
}[0m
3e1f3f0da38c [1m[31mINFO   [0m [33m[1m_send in websocket (39) [0m [1m[36mSend event "nubJs" to "user_id_174"[0m
3e1f3f0da38c [1m[31mDEBUG  [0m [33m[1m_send in websocket (40) [0m [1m[36m{
  "path": "/athenas/QueryReport/download_file/?uuid=2cddfb66-e993-4458-b6c9-458a83a7d619",
  "filename": "",
  "status": "success"
}[0m
3e1f3f0da38c [1m[31mINFO   [0m [33m[1m_send in websocket (39) [0m [1m[36mSend event "yVuIX" to "user_id_174"[0m
3e1f3f0da38c [1m[31mDEBUG  [0m [33m[1m_send in websocket (40) [0m [1m[36m{
  "path": "/athenas/QueryReport/download_file/?uuid=946c5462-3629-416d-8438-0dc4bd06941b",
  "filename": "",
  "status": "success"
}[0m
ecda718eca28 [1m[31mINFO   [0m [33m[1m_send in websocket (39) [0m [1m[36mSend event "point-sheet-error" to "user_id_8445"[0m
ecda718eca28 [1m[31mDEBUG  [0m [33m[1m_send in websocket (40) [0m [1m[36m{
  "path": "",
  "message": "N\u00e3o h\u00e1 dados para o per\u00edodo pesquisado.",
  "filename": "Relat\u00f3rio Folha Ponto"
}[0m
ecda718eca28 [1m[31mINFO   [0m [33m[1m_send in websocket (39) [0m [1m[36mSend event "point-sheet-error" to "user_id_8445"[0m
ecda718eca28 [1m[31mDEBUG  [0m [33m[1m_send in websocket (40) [0m [1m[36m{
  "path": "",
  "message": "N\u00e3o h\u00e1 dados para o per\u00edodo pesquisado.",
  "filename": "Relat\u00f3rio Folha Ponto"
}[0m
48f86f5b6893 [1m[31mINFO   [0m [33m[1m_send in websocket (39) [0m [1m[36mSend event "point-sheet-error" to "user_id_8445"[0m
48f86f5b6893 [1m[31mDEBUG  [0m [33m[1m_send in websocket (40) [0m [1m[36m{
  "path": "",
  "message": "N\u00e3o h\u00e1 dados para o per\u00edodo pesquisado.",
  "filename": "Relat\u00f3rio Folha Ponto"
}[0m
48f86f5b6893 [1m[31mINFO   [0m [33m[1m_send in websocket (39) [0m [1m[36mSend event "point-sheet-error" to "user_id_8445"[0m
48f86f5b6893 [1m[31mDEBUG  [0m [33m[1m_send in websocket (40) [0m [1m[36m{
  "path": "",
  "message": "N\u00e3o h\u00e1 dados para o per\u00edodo pesquisado.",
  "filename": "Relat\u00f3rio Folha Ponto"
}[0m
48f86f5b6893 [1m[31mINFO   [0m [33m[1m_send in websocket (39) [0m [1m[36mSend event "point-sheet-error" to "user_id_8445"[0m
48f86f5b6893 [1m[31mDEBUG  [0m [33m[1m_send in websocket (40) [0m [1m[36m{
  "path": "",
  "message": "N\u00e3o h\u00e1 dados para o per\u00edodo pesquisado.",
  "filename": "Relat\u00f3rio Folha Ponto"
}[0m
48f86f5b6893 [1m[31mINFO   [0m [33m[1m_send in websocket (39) [0m [1m[36mSend event "point-sheet-error" to "user_id_8445"[0m
48f86f5b6893 [1m[31mDEBUG  [0m [33m[1m_send in websocket (40) [0m [1m[36m{
  "path": "",
  "message": "N\u00e3o h\u00e1 dados para o per\u00edodo pesquisado.",
  "filename": "Relat\u00f3rio Folha Ponto"
}[0m
3ef5e5047faa [1m[31mINFO   [0m [33m[1m_send in websocket (39) [0m [1m[36mSend event "ejOIu" to "user_id_8445"[0m
3ef5e5047faa [1m[31mDEBUG  [0m [33m[1m_send in websocket (40) [0m [1m[36m{
  "path": "/athenas/QueryReport/download_file/?uuid=7fc2a0c9-be0b-4aaf-b181-a418c8a59cb5",
  "filename": "",
  "status": "success"
}[0m
3ef5e5047faa [1m[31mINFO   [0m [33m[1m_send in websocket (39) [0m [1m[36mSend event "query-report" to "user_id_8445"[0m
3ef5e5047faa [1m[31mDEBUG  [0m [33m[1m_send in websocket (40) [0m [1m[36m{
  "path": "/athenas/QueryReport/download_file/?uuid=80c6a747-51c4-4ae5-a99f-2fdccac12067",
  "filename": "",
  "status": "success"
}[0m
8e85e556cdd0 [1m[31mINFO   [0m [33m[1m_send in websocket (39) [0m [1m[36mSend event "point-sheet-error" to "user_id_9586"[0m
8e85e556cdd0 [1m[31mDEBUG  [0m [33m[1m_send in websocket (40) [0m [1m[36m{
  "path": "",
  "message": "N\u00e3o h\u00e1 dados para o per\u00edodo pesquisado.",
  "filename": "Relat\u00f3rio Folha Ponto"
}[0m
8e85e556cdd0 [1m[31mINFO   [0m [33m[1m_send in websocket (39) [0m [1m[36mSend event "point-sheet-error" to "user_id_9586"[0m
8e85e556cdd0 [1m[31mDEBUG  [0m [33m[1m_send in websocket (40) [0m [1m[36m{
  "path": "",
  "message": "N\u00e3o h\u00e1 dados para o per\u00edodo pesquisado.",
  "filename": "Relat\u00f3rio Folha Ponto"
}[0m
a0fc4fe87dac [1m[31mINFO   [0m [33m[1m_send in websocket (39) [0m [1m[36mSend event "point-sheet-error" to "user_id_8445"[0m
a0fc4fe87dac [1m[31mDEBUG  [0m [33m[1m_send in websocket (40) [0m [1m[36m{
  "path": "",
  "message": "'success'",
  "filename": "Relat\u00f3rio Folha Ponto"
}[0m
d74b62329478 [1m[31mINFO   [0m [33m[1m_send in websocket (39) [0m [1m[36mSend event "7R4gI" to "user_id_3581"[0m
d74b62329478 [1m[31mDEBUG  [0m [33m[1m_send in websocket (40) [0m [1m[36m{
  "path": "/athenas/QueryReport/download_file/?uuid=bbe2541f-dcdb-40a7-96e0-86c26208c800",
  "filename": "",
  "status": "success"
}[0m
61b7df2b079b [1m[31mINFO   [0m [33m[1m_send in websocket (39) [0m [1m[36mSend event "point-sheet-error" to "user_id_8445"[0m
61b7df2b079b [1m[31mDEBUG  [0m [33m[1m_send in websocket (40) [0m [1m[36m{
  "path": "",
  "message": "N\u00e3o h\u00e1 dados para o per\u00edodo pesquisado.",
  "filename": "Relat\u00f3rio Folha Ponto"
}[0m
61b7df2b079b [1m[31mINFO   [0m [33m[1m_send in websocket (39) [0m [1m[36mSend event "point-sheet-error" to "user_id_8445"[0m
61b7df2b079b [1m[31mDEBUG  [0m [33m[1m_send in websocket (40) [0m [1m[36m{
  "path": "",
  "message": "N\u00e3o h\u00e1 dados para o per\u00edodo pesquisado.",
  "filename": "Relat\u00f3rio Folha Ponto"
}[0m
61b7df2b079b [1m[31mINFO   [0m [33m[1m_send in websocket (39) [0m [1m[36mSend event "point-sheet-error" to "user_id_8445"[0m
61b7df2b079b [1m[31mDEBUG  [0m [33m[1m_send in websocket (40) [0m [1m[36m{
  "path": "",
  "message": "N\u00e3o h\u00e1 dados para o per\u00edodo pesquisado.",
  "filename": "Relat\u00f3rio Folha Ponto"
}[0m
61b7df2b079b [1m[31mINFO   [0m [33m[1m_send in websocket (39) [0m [1m[36mSend event "point-sheet-error" to "user_id_8445"[0m
61b7df2b079b [1m[31mDEBUG  [0m [33m[1m_send in websocket (40) [0m [1m[36m{
  "path": "",
  "message": "N\u00e3o h\u00e1 dados para o per\u00edodo pesquisado.",
  "filename": "Relat\u00f3rio Folha Ponto"
}[0m
61b7df2b079b [1m[31mINFO   [0m [33m[1m_send in websocket (39) [0m [1m[36mSend event "point-sheet-error" to "user_id_8445"[0m
61b7df2b079b [1m[31mDEBUG  [0m [33m[1m_send in websocket (40) [0m [1m[36m{
  "path": "",
  "message": "N\u00e3o h\u00e1 dados para o per\u00edodo pesquisado.",
  "filename": "Relat\u00f3rio Folha Ponto"
}[0m
61b7df2b079b [1m[31mINFO   [0m [33m[1m_send in websocket (39) [0m [1m[36mSend event "point-sheet-error" to "user_id_8445"[0m
61b7df2b079b [1m[31mDEBUG  [0m [33m[1m_send in websocket (40) [0m [1m[36m{
  "path": "",
  "message": "N\u00e3o h\u00e1 dados para o per\u00edodo pesquisado.",
  "filename": "Relat\u00f3rio Folha Ponto"
}[0m
61b7df2b079b [1m[31mINFO   [0m [33m[1m_send in websocket (39) [0m [1m[36mSend event "point-sheet-error" to "user_id_8445"[0m
61b7df2b079b [1m[31mDEBUG  [0m [33m[1m_send in websocket (40) [0m [1m[36m{
  "path": "",
  "message": "N\u00e3o h\u00e1 dados para o per\u00edodo pesquisado.",
  "filename": "Relat\u00f3rio Folha Ponto"
}[0m
58a342168a99 [1m[31mINFO   [0m [33m[1m_send in websocket (39) [0m [1m[36mSend event "point-sheet-error" to "user_id_8445"[0m
58a342168a99 [1m[31mDEBUG  [0m [33m[1m_send in websocket (40) [0m [1m[36m{
  "path": "",
  "message": "N\u00e3o h\u00e1 dados para o per\u00edodo pesquisado.",
  "filename": "Relat\u00f3rio Folha Ponto"
}[0m
